>// https://learn.microsoft.com/en-us/azure/data-explorer/kusto/query/datatableoperator
#^^^^^^^^^^^^^^^^^^^^^^^^^^^^^^^^^^^^^^^^^^^^^^^^^^^^^^^^^^^^^^^^^^^^^^^^^^^^^^^^^^^^^^ source.esql comment.line.kusto
>
>datatable(Date:datetime, Event:string, MoreData:dynamic) [
#^^^^^^^^^ source.esql keyword.other.query.kusto
#         ^^^^^^ source.esql
#               ^^^^^^^^ source.esql storage.type.kusto
#                       ^^^^^^^^ source.esql
#                               ^^^^^^ source.esql storage.type.kusto
#                                     ^^^^^^^^^^^ source.esql
#                                                ^^^^^^^ source.esql storage.type.kusto
#                                                       ^^^^ source.esql
>    datetime(1910-06-11), "Born", dynamic({"key1":"value1", "key2":"value2"}),
#^^^^ source.esql
#    ^^^^^^^^ source.esql storage.type.kusto
#            ^ source.esql
#             ^^^^ source.esql constant.numeric.kusto
#                 ^ source.esql
#                  ^^ source.esql constant.numeric.kusto
#                    ^ source.esql
#                     ^^ source.esql constant.numeric.kusto
#                       ^^^ source.esql
#                          ^ source.esql string.quoted.double.kusto punctuation.definition.string.kusto
#                           ^^^^ source.esql string.quoted.double.kusto
#                               ^ source.esql string.quoted.double.kusto punctuation.definition.string.kusto
#                                ^^ source.esql
#                                  ^^^^^^^ source.esql storage.type.kusto
#                                         ^ source.esql
#                                          ^^^^^^^^^^^^^^^^^^^^^^^^^^^^^^^^^^ source.esql string.other.kusto
#                                                                            ^^^ source.esql
>    datetime(1930-01-01), "Enters Ecole Navale", dynamic({"key1":"value3", "key2":"value4"}),
#^^^^ source.esql
#    ^^^^^^^^ source.esql storage.type.kusto
#            ^ source.esql
#             ^^^^ source.esql constant.numeric.kusto
#                 ^ source.esql
#                  ^^ source.esql constant.numeric.kusto
#                    ^ source.esql
#                     ^^ source.esql constant.numeric.kusto
#                       ^^^ source.esql
#                          ^ source.esql string.quoted.double.kusto punctuation.definition.string.kusto
#                           ^^^^^^^^^^^^^^^^^^^ source.esql string.quoted.double.kusto
#                                              ^ source.esql string.quoted.double.kusto punctuation.definition.string.kusto
#                                               ^^ source.esql
#                                                 ^^^^^^^ source.esql storage.type.kusto
#                                                        ^ source.esql
#                                                         ^^^^^^^^^^^^^^^^^^^^^^^^^^^^^^^^^^ source.esql string.other.kusto
#                                                                                           ^^^ source.esql
>    datetime(1953-01-01), "Published first book", dynamic({"key1":"value5", "key2":"value6"}),
#^^^^ source.esql
#    ^^^^^^^^ source.esql storage.type.kusto
#            ^ source.esql
#             ^^^^ source.esql constant.numeric.kusto
#                 ^ source.esql
#                  ^^ source.esql constant.numeric.kusto
#                    ^ source.esql
#                     ^^ source.esql constant.numeric.kusto
#                       ^^^ source.esql
#                          ^ source.esql string.quoted.double.kusto punctuation.definition.string.kusto
#                           ^^^^^^^^^^^^^^^^^^^^ source.esql string.quoted.double.kusto
#                                               ^ source.esql string.quoted.double.kusto punctuation.definition.string.kusto
#                                                ^^ source.esql
#                                                  ^^^^^^^ source.esql storage.type.kusto
#                                                         ^ source.esql
#                                                          ^^^^^^^^^^^^^^^^^^^^^^^^^^^^^^^^^^ source.esql string.other.kusto
#                                                                                            ^^^ source.esql
>    datetime(1997-06-25), "Died", dynamic({"key1":"value7", "key2":"value8"}),
#^^^^ source.esql
#    ^^^^^^^^ source.esql storage.type.kusto
#            ^ source.esql
#             ^^^^ source.esql constant.numeric.kusto
#                 ^ source.esql
#                  ^^ source.esql constant.numeric.kusto
#                    ^ source.esql
#                     ^^ source.esql constant.numeric.kusto
#                       ^^^ source.esql
#                          ^ source.esql string.quoted.double.kusto punctuation.definition.string.kusto
#                           ^^^^ source.esql string.quoted.double.kusto
#                               ^ source.esql string.quoted.double.kusto punctuation.definition.string.kusto
#                                ^^ source.esql
#                                  ^^^^^^^ source.esql storage.type.kusto
#                                         ^ source.esql
#                                          ^^^^^^^^^^^^^^^^^^^^^^^^^^^^^^^^^^ source.esql string.other.kusto
#                                                                            ^^^ source.esql
>]
#^^ source.esql
>| where strlen(Event) > 4
#^^ source.esql
#  ^^^^^ source.esql keyword.other.query.kusto
#       ^ source.esql
#        ^^^^^^ source.esql support.function.kusto
#              ^^^^^^^^^^ source.esql
#                        ^ source.esql constant.numeric.kusto
>| extend key2 = MoreData.key2
#^^ source.esql
#  ^^^^^^ source.esql keyword.other.query.kusto
#        ^^^^^^^^^^^^^^^^^^^^^^ source.esql
>