>print bool(null), datetime(null), dynamic(null), guid(null), int(null), long(null), real(null), time(null)
#^^^^^ source.esql keyword.other.query.kusto
#     ^ source.esql
#      ^^^^ source.esql storage.type.kusto
#          ^ source.esql
#           ^^^^ source.esql constant.language.kusto
#               ^^^ source.esql
#                  ^^^^^^^^ source.esql storage.type.kusto
#                          ^ source.esql
#                           ^^^^ source.esql constant.language.kusto
#                               ^^^ source.esql
#                                  ^^^^^^^ source.esql storage.type.kusto
#                                         ^ source.esql
#                                          ^^^^ source.esql constant.language.kusto
#                                              ^^^ source.esql
#                                                 ^^^^ source.esql storage.type.kusto
#                                                     ^ source.esql
#                                                      ^^^^ source.esql constant.language.kusto
#                                                          ^^^ source.esql
#                                                             ^^^ source.esql storage.type.kusto
#                                                                ^ source.esql
#                                                                 ^^^^ source.esql constant.language.kusto
#                                                                     ^^^ source.esql
#                                                                        ^^^^ source.esql storage.type.kusto
#                                                                            ^ source.esql
#                                                                             ^^^^ source.esql constant.language.kusto
#                                                                                 ^^^ source.esql
#                                                                                    ^^^^ source.esql storage.type.kusto
#                                                                                        ^ source.esql
#                                                                                         ^^^^ source.esql constant.language.kusto
#                                                                                             ^^^ source.esql
#                                                                                                ^^^^ source.esql storage.type.kusto
#                                                                                                    ^ source.esql
#                                                                                                     ^^^^ source.esql constant.language.kusto
#                                                                                                         ^^ source.esql
>