>// https://learn.microsoft.com/en-us/azure/data-explorer/kusto/query/binfunction
#^^^^^^^^^^^^^^^^^^^^^^^^^^^^^^^^^^^^^^^^^^^^^^^^^^^^^^^^^^^^^^^^^^^^^^^^^^^^^^^^ source.esql comment.line.kusto
>
>bin(4.5, 1)
#^^^ source.esql meta.scalar.function.bin.kusto support.function.kusto
#   ^ source.esql meta.scalar.function.bin.kusto
#    ^^^ source.esql meta.scalar.function.bin.kusto constant.numeric.kusto
#       ^^ source.esql meta.scalar.function.bin.kusto
#         ^ source.esql meta.scalar.function.bin.kusto constant.numeric.kusto
#          ^ source.esql meta.scalar.function.bin.kusto
>
>bin(time(16d), 7d)
#^^^ source.esql meta.scalar.function.bin.kusto support.function.kusto
#   ^ source.esql meta.scalar.function.bin.kusto
#    ^^^^ source.esql meta.scalar.function.bin.kusto storage.type.kusto
#        ^ source.esql meta.scalar.function.bin.kusto
#         ^^^ source.esql meta.scalar.function.bin.kusto constant.numeric.kusto
#            ^ source.esql meta.scalar.function.bin.kusto
#             ^^ source.esql meta.scalar.function.bin.kusto
#               ^^ source.esql meta.scalar.function.bin.kusto constant.numeric.kusto
#                 ^ source.esql meta.scalar.function.bin.kusto
>
>
>bin(datetime(1970-05-11 13:45:07), 1d)
#^^^ source.esql meta.scalar.function.bin.kusto support.function.kusto
#   ^ source.esql meta.scalar.function.bin.kusto
#    ^^^^^^^^ source.esql meta.scalar.function.bin.kusto storage.type.kusto
#            ^ source.esql meta.scalar.function.bin.kusto
#             ^^^^ source.esql meta.scalar.function.bin.kusto constant.numeric.kusto
#                 ^ source.esql meta.scalar.function.bin.kusto
#                  ^^ source.esql meta.scalar.function.bin.kusto constant.numeric.kusto
#                    ^ source.esql meta.scalar.function.bin.kusto
#                     ^^ source.esql meta.scalar.function.bin.kusto constant.numeric.kusto
#                       ^ source.esql meta.scalar.function.bin.kusto
#                        ^^ source.esql meta.scalar.function.bin.kusto constant.numeric.kusto
#                          ^ source.esql meta.scalar.function.bin.kusto
#                           ^^ source.esql meta.scalar.function.bin.kusto constant.numeric.kusto
#                             ^ source.esql meta.scalar.function.bin.kusto
#                              ^^ source.esql meta.scalar.function.bin.kusto constant.numeric.kusto
#                                ^ source.esql meta.scalar.function.bin.kusto
#                                 ^^ source.esql meta.scalar.function.bin.kusto
#                                   ^^ source.esql meta.scalar.function.bin.kusto constant.numeric.kusto
#                                     ^ source.esql meta.scalar.function.bin.kusto
>
>T | summarize Hits=count() by bin(Duration, 1s)
#^^^^ source.esql
#    ^^^^^^^^^ source.esql keyword.other.query.kusto
#             ^^^^^^ source.esql
#                   ^^^^^^^ source.esql support.function.kusto
#                          ^ source.esql
#                           ^^ source.esql keyword.other.operator.kusto
#                             ^ source.esql
#                              ^^^ source.esql meta.scalar.function.bin.kusto support.function.kusto
#                                 ^ source.esql meta.scalar.function.bin.kusto
#                                  ^^^^^^^^ source.esql meta.scalar.function.bin.kusto
#                                          ^^ source.esql meta.scalar.function.bin.kusto
#                                            ^^ source.esql meta.scalar.function.bin.kusto constant.numeric.kusto
#                                              ^ source.esql meta.scalar.function.bin.kusto
>